// Jest Snapshot v1, https://goo.gl/fbAQLP

exports[`test to do snapshots 1`] = `
<div>
  <input
    data-testid="test-1"
  />
  <h1
    data-testid="test-2"
  >
    Hello world
  </h1>
</div>
`;
